MPLINK 4.49, Linker
Linker Map File - Created Tue May 12 19:53:47 2020

                                 Section Info
                  Section       Type    Address   Location Size(Bytes)
                ---------  ---------  ---------  ---------  ---------
                   .org_0       code   0x000000    program   0x000000
                   .org_1       code   0x000000    program   0x000000
                   .org_2       code   0x000005    program   0x0000c2



                              Program Memory Usage 
                               Start         End      
                           ---------   ---------      
                            0x000005    0x000065      
            97 out of 8454 program addresses used, program memory utilization is 1%



                              Symbols - Sorted by Name
                     Name    Address   Location    Storage File                     
                ---------  ---------  ---------  --------- ---------                
             CONFIG_USART   0x00002d    program     static C:\Users\SECTEI_7\Desktop\Microcomputadoras\Laboratorio\Práctica 7\cad.asm
              DELAY_20_us   0x000053    program     static C:\Users\SECTEI_7\Desktop\Microcomputadoras\Laboratorio\Práctica 7\cad.asm
             DELAY_500_ms   0x000058    program     static C:\Users\SECTEI_7\Desktop\Microcomputadoras\Laboratorio\Práctica 7\cad.asm
                      ESP   0x000014    program     static C:\Users\SECTEI_7\Desktop\Microcomputadoras\Laboratorio\Práctica 7\cad.asm
                   ESPERA   0x00003b    program     static C:\Users\SECTEI_7\Desktop\Microcomputadoras\Laboratorio\Práctica 7\cad.asm
                     LOOP   0x00005e    program     static C:\Users\SECTEI_7\Desktop\Microcomputadoras\Laboratorio\Práctica 7\cad.asm
                   LOOP_0   0x000055    program     static C:\Users\SECTEI_7\Desktop\Microcomputadoras\Laboratorio\Práctica 7\cad.asm
                     MAIN   0x000011    program     static C:\Users\SECTEI_7\Desktop\Microcomputadoras\Laboratorio\Práctica 7\cad.asm
                    MAYOR   0x000026    program     static C:\Users\SECTEI_7\Desktop\Microcomputadoras\Laboratorio\Práctica 7\cad.asm
              MAYOR_IGUAL   0x00001c    program     static C:\Users\SECTEI_7\Desktop\Microcomputadoras\Laboratorio\Práctica 7\cad.asm
              MENOR_IGUAL   0x00001f    program     static C:\Users\SECTEI_7\Desktop\Microcomputadoras\Laboratorio\Práctica 7\cad.asm
            PALABRA_MAYOR   0x000040    program     static C:\Users\SECTEI_7\Desktop\Microcomputadoras\Laboratorio\Práctica 7\cad.asm
            PALABRA_MENOR   0x00004a    program     static C:\Users\SECTEI_7\Desktop\Microcomputadoras\Laboratorio\Práctica 7\cad.asm
                TRANSMITE   0x00003a    program     static C:\Users\SECTEI_7\Desktop\Microcomputadoras\Laboratorio\Práctica 7\cad.asm



                              Symbols - Sorted by Address
                     Name    Address   Location    Storage File                     
                ---------  ---------  ---------  --------- ---------                
                     MAIN   0x000011    program     static C:\Users\SECTEI_7\Desktop\Microcomputadoras\Laboratorio\Práctica 7\cad.asm
                      ESP   0x000014    program     static C:\Users\SECTEI_7\Desktop\Microcomputadoras\Laboratorio\Práctica 7\cad.asm
              MAYOR_IGUAL   0x00001c    program     static C:\Users\SECTEI_7\Desktop\Microcomputadoras\Laboratorio\Práctica 7\cad.asm
              MENOR_IGUAL   0x00001f    program     static C:\Users\SECTEI_7\Desktop\Microcomputadoras\Laboratorio\Práctica 7\cad.asm
                    MAYOR   0x000026    program     static C:\Users\SECTEI_7\Desktop\Microcomputadoras\Laboratorio\Práctica 7\cad.asm
             CONFIG_USART   0x00002d    program     static C:\Users\SECTEI_7\Desktop\Microcomputadoras\Laboratorio\Práctica 7\cad.asm
                TRANSMITE   0x00003a    program     static C:\Users\SECTEI_7\Desktop\Microcomputadoras\Laboratorio\Práctica 7\cad.asm
                   ESPERA   0x00003b    program     static C:\Users\SECTEI_7\Desktop\Microcomputadoras\Laboratorio\Práctica 7\cad.asm
            PALABRA_MAYOR   0x000040    program     static C:\Users\SECTEI_7\Desktop\Microcomputadoras\Laboratorio\Práctica 7\cad.asm
            PALABRA_MENOR   0x00004a    program     static C:\Users\SECTEI_7\Desktop\Microcomputadoras\Laboratorio\Práctica 7\cad.asm
              DELAY_20_us   0x000053    program     static C:\Users\SECTEI_7\Desktop\Microcomputadoras\Laboratorio\Práctica 7\cad.asm
                   LOOP_0   0x000055    program     static C:\Users\SECTEI_7\Desktop\Microcomputadoras\Laboratorio\Práctica 7\cad.asm
             DELAY_500_ms   0x000058    program     static C:\Users\SECTEI_7\Desktop\Microcomputadoras\Laboratorio\Práctica 7\cad.asm
                     LOOP   0x00005e    program     static C:\Users\SECTEI_7\Desktop\Microcomputadoras\Laboratorio\Práctica 7\cad.asm


